// Jest Snapshot v1, https://goo.gl/fbAQLP

exports[`Instrument 1`] = `"{"debugFiles":["~lib/rt/common.ts","~lib/rt/tlsf.ts","~lib/shared/typeinfo.ts","~lib/rt/itcms.ts","tests-ts/fixture/constructor.ts","~lib/shared/runtime.ts","~lib/util/number.ts","~lib/util/math.ts","~lib/util/string.ts","~lib/rt.ts","~lib/util/error.ts"],"debugInfos":{"tests-ts/fixture/constructor/Foo#constructor":{"branchInfo":[[0,1],[0,2]],"index":0,"lineInfo":[[],[],[[4,7,25],[4,8,24],[4,11,4],[4,11,16]]]}}}"`;
